[web.telegram.org/a/index.html]
[backblue.gif]
[fade.gif]
[index.html]
[web.telegram.org/a/browserconfig.xml]
[web.telegram.org/a/icon-192x192.png]
[web.telegram.org/a/apple-touch-icon.png]
[web.telegram.org/a/favicon-16x16.png]
[web.telegram.org/a/favicon-32x32.png]
[web.telegram.org/a/favicon.ico]
[web.telegram.org/a/site.webmanifest]
[web.telegram.org/a/redirect.js]
[web.telegram.org/a/main.cea874707497559c2735.js]
[web.telegram.org/a/main.f6e5acb83643798d4765.css]
[web.telegram.org/a/nojs.mp4]
[web.telegram.org/a/index.html]
[web.telegram.org/a/favicon.svg]
[web.telegram.org/a/compatTest.js]
[web.telegram.org/a/spoiler-dots-black.b2dd6e4f4a5a520c4ccd.png]
[web.telegram.org/a/spoiler-dots-white.ab45f83c6ba729884808.png]
[web.telegram.org/a/chat-bg-br.f34cc96fbfb048812820.png]
[web.telegram.org/a/chat-bg-pattern-light.ee148af944f6580293ae.png]
[web.telegram.org/a/chat-bg-pattern-dark.ad38368a9e8140d0ac7d.png]
[web.telegram.org/a/KFOmCnqEu92Fr1Mu72xKKTU1Kvnz.499af208fa04aa805317.woff2]
[web.telegram.org/a/KFOmCnqEu92Fr1Mu5mxKKTU1Kvnz.6b69287db14836e8ccee.woff2]
[web.telegram.org/a/KFOmCnqEu92Fr1Mu7mxKKTU1Kvnz.350ec982325895563ada.woff2]
[web.telegram.org/a/KFOmCnqEu92Fr1Mu4WxKKTU1Kvnz.af30acd9d70ade5b828d.woff2]
[web.telegram.org/a/KFOmCnqEu92Fr1Mu7WxKKTU1Kvnz.62afd8a72052ca925aaf.woff2]
[web.telegram.org/a/KFOmCnqEu92Fr1Mu7GxKKTU1Kvnz.009379f5feecd3ef689a.woff2]
[web.telegram.org/a/KFOmCnqEu92Fr1Mu4mxKKTU1Kg.465390c6e54c60f4a15f.woff2]
[web.telegram.org/a/KFOlCnqEu92Fr1MmEU9fCRc4AMP6lbBP.66efaee062df58309edc.woff2]
[web.telegram.org/a/KFOlCnqEu92Fr1MmEU9fABc4AMP6lbBP.3e1bb90afe5eb4a94c5f.woff2]
[web.telegram.org/a/KFOlCnqEu92Fr1MmEU9fCBc4AMP6lbBP.acd64c8bf32762464b8f.woff2]
[web.telegram.org/a/KFOlCnqEu92Fr1MmEU9fBxc4AMP6lbBP.cab892ae9aa422233ea4.woff2]
[web.telegram.org/a/KFOlCnqEu92Fr1MmEU9fCxc4AMP6lbBP.01bafbfbc1e4ebe0139d.woff2]
[web.telegram.org/a/KFOlCnqEu92Fr1MmEU9fChc4AMP6lbBP.d3c211af53a789d2f9fd.woff2]
[web.telegram.org/a/KFOlCnqEu92Fr1MmEU9fBBc4AMP6lQ.324b1e6d0f5ae7c6ab42.woff2]
[web.telegram.org/a/Vazirmatn-NL-Regular.572a8ef6359a125a67f0.woff2]
[web.telegram.org/a/Vazirmatn-NL-Regular.f0ab1c74565ee5cdb33d.woff]
[web.telegram.org/a/Vazirmatn-NL-Medium.26007b3a50dbbab53c15.woff2]
[web.telegram.org/a/Vazirmatn-NL-Medium.f3b8e058aff7dd59279b.woff]
[web.telegram.org/a/Numbers-Rounded.d2aed6be561097433e8e.woff2]
[web.telegram.org/a/Roboto-Condensed-Regular.0f37b67952f89e6ed45e.woff2]
[web.telegram.org/a/icons.260366610cb43c8ae857.woff2]
[web.telegram.org/a/icons.98acb84b4900d7888e1b.woff]
[web.telegram.org/a/main.f6e5acb83643798d4765.css]
[web.telegram.org/a/telegram-logo.1b2bb5b107f046ea9325.svg]
